com\infosys\movieSystem\dao\MovieShowDaoImpl.class
com\infosys\movieSystem\bean\TicketBooking.class
com\infosys\movieSystem\dao\TicketBookingDaoImpl.class
com\infosys\movieSystem\bean\Movie.class
com\infosys\movieSystem\dao\MovieDao.class
com\infosys\movieSystem\dao\MovieShowRepository.class
com\infosys\movieSystem\config\MyAuthenticationFailureHandler.class
com\infosys\movieSystem\dao\MovieShowDao.class
com\infosys\movieSystem\dao\ShowTimeDao.class
com\infosys\movieSystem\dao\MovieDaoImpl.class
com\infosys\movieSystem\dao\ShowTimeRepository.class
com\infosys\movieSystem\bean\MovieShowEmbed.class
com\infosys\movieSystem\config\EncoderConfig.class
com\infosys\movieSystem\dao\MovieUserDao.class
com\infosys\movieSystem\bean\MovieUser.class
com\infosys\movieSystem\controller\LoginController.class
com\infosys\movieSystem\MovieSystemApplication.class
com\infosys\movieSystem\dao\TicketBookingDao.class
com\infosys\movieSystem\bean\ShowTime.class
com\infosys\movieSystem\dao\ShowTimeDaoImpl.class
com\infosys\movieSystem\config\SecurityConfig.class
com\infosys\movieSystem\ServletInitializer.class
com\infosys\movieSystem\dao\TicketBookingRepository.class
com\infosys\movieSystem\dao\MovieUserRepository.class
com\infosys\movieSystem\service\MovieUserService.class
com\infosys\movieSystem\bean\MovieShow.class
com\infosys\movieSystem\controller\MovieController.class
com\infosys\movieSystem\dao\MovieRepository.class
com\infosys\movieSystem\bean\MovieShowDTO.class
com\infosys\movieSystem\service\ShowTimeService.class
com\infosys\movieSystem\dao\MovieUserDaoImpl.class
