C:\Movie booking\MovieBookingApplication\movieSystem\src\main\java\com\infosys\movieSystem\dao\TicketBookingDao.java
C:\Movie booking\MovieBookingApplication\movieSystem\src\main\java\com\infosys\movieSystem\service\MovieUserService.java
C:\Movie booking\MovieBookingApplication\movieSystem\src\main\java\com\infosys\movieSystem\bean\MovieShowDTO.java
C:\Movie booking\MovieBookingApplication\movieSystem\src\main\java\com\infosys\movieSystem\config\EncoderConfig.java
C:\Movie booking\MovieBookingApplication\movieSystem\src\main\java\com\infosys\movieSystem\dao\MovieShowRepository.java
C:\Movie booking\MovieBookingApplication\movieSystem\src\main\java\com\infosys\movieSystem\dao\MovieUserDao.java
C:\Movie booking\MovieBookingApplication\movieSystem\src\main\java\com\infosys\movieSystem\controller\LoginController.java
C:\Movie booking\MovieBookingApplication\movieSystem\src\main\java\com\infosys\movieSystem\dao\TicketBookingRepository.java
C:\Movie booking\MovieBookingApplication\movieSystem\src\main\java\com\infosys\movieSystem\bean\MovieUser.java
C:\Movie booking\MovieBookingApplication\movieSystem\src\main\java\com\infosys\movieSystem\dao\MovieDao.java
C:\Movie booking\MovieBookingApplication\movieSystem\src\main\java\com\infosys\movieSystem\service\ShowTimeService.java
C:\Movie booking\MovieBookingApplication\movieSystem\src\main\java\com\infosys\movieSystem\dao\MovieShowDao.java
C:\Movie booking\MovieBookingApplication\movieSystem\src\main\java\com\infosys\movieSystem\MovieSystemApplication.java
C:\Movie booking\MovieBookingApplication\movieSystem\src\main\java\com\infosys\movieSystem\dao\ShowTimeDao.java
C:\Movie booking\MovieBookingApplication\movieSystem\src\main\java\com\infosys\movieSystem\dao\MovieDaoImpl.java
C:\Movie booking\MovieBookingApplication\movieSystem\src\main\java\com\infosys\movieSystem\dao\TicketBookingDaoImpl.java
C:\Movie booking\MovieBookingApplication\movieSystem\src\main\java\com\infosys\movieSystem\dao\MovieShowDaoImpl.java
C:\Movie booking\MovieBookingApplication\movieSystem\src\main\java\com\infosys\movieSystem\bean\MovieShowEmbed.java
C:\Movie booking\MovieBookingApplication\movieSystem\src\main\java\com\infosys\movieSystem\dao\ShowTimeDaoImpl.java
C:\Movie booking\MovieBookingApplication\movieSystem\src\main\java\com\infosys\movieSystem\controller\MovieController.java
C:\Movie booking\MovieBookingApplication\movieSystem\src\main\java\com\infosys\movieSystem\dao\MovieRepository.java
C:\Movie booking\MovieBookingApplication\movieSystem\src\main\java\com\infosys\movieSystem\bean\TicketBooking.java
C:\Movie booking\MovieBookingApplication\movieSystem\src\main\java\com\infosys\movieSystem\dao\MovieUserDaoImpl.java
C:\Movie booking\MovieBookingApplication\movieSystem\src\main\java\com\infosys\movieSystem\bean\ShowTime.java
C:\Movie booking\MovieBookingApplication\movieSystem\src\main\java\com\infosys\movieSystem\bean\Movie.java
C:\Movie booking\MovieBookingApplication\movieSystem\src\main\java\com\infosys\movieSystem\config\SecurityConfig.java
C:\Movie booking\MovieBookingApplication\movieSystem\src\main\java\com\infosys\movieSystem\dao\MovieUserRepository.java
C:\Movie booking\MovieBookingApplication\movieSystem\src\main\java\com\infosys\movieSystem\dao\ShowTimeRepository.java
C:\Movie booking\MovieBookingApplication\movieSystem\src\main\java\com\infosys\movieSystem\ServletInitializer.java
C:\Movie booking\MovieBookingApplication\movieSystem\src\main\java\com\infosys\movieSystem\bean\MovieShow.java
C:\Movie booking\MovieBookingApplication\movieSystem\src\main\java\com\infosys\movieSystem\config\MyAuthenticationFailureHandler.java
